<html>
<body>
<pre>
<h1>礦ision Build Log</h1>
<h2>Tool Versions:</h2>
IDE-Version: μVision V5.38.0.0
Copyright (C) 2022 ARM Ltd and ARM Germany GmbH. All rights reserved.
License Information: zhu zhu, zhu, LIC=JDA0P-M808J-793G1-CWTYJ-IQF6P-1V0Z8
 
Tool Versions:
Toolchain:       MDK-ARM Professional  Version: 5.38.0.0
Toolchain Path:  D:\Program Files\Keil_v5\ARM\ARMCC\Bin
C Compiler:      Armcc.exe V5.06 update 7 (build 960)
Assembler:       Armasm.exe V5.06 update 7 (build 960)
Linker/Locator:  ArmLink.exe V5.06 update 7 (build 960)
Library Manager: ArmAr.exe V5.06 update 7 (build 960)
Hex Converter:   FromElf.exe V5.06 update 7 (build 960)
CPU DLL:         SARMCM3.DLL V5.38.0.0
Dialog DLL:      DCM.DLL V1.17.5.0
Target DLL:      STLink\ST-LINKIII-KEIL_SWO.dll V3.1.0.0
Dialog DLL:      TCM.DLL V1.56.4.0
 
<h2>Project:</h2>
C:\Users\ZHU\Desktop\MagiSYNC_DW_GUI_Demo\MDK-ARM\MagiSYNC_DW_GUI_Demo.uvprojx
Project File Date:  08/03/2023

<h2>Output:</h2>
*** Using Compiler 'V5.06 update 7 (build 960)', folder: 'D:\Program Files\Keil_v5\ARM\ARMCC\Bin'
Build target 'MagiSYNC_DW_GUI_Demo'
compiling MagiSYNC.c...
..\MagiSYNC\MagiSYNC.c(155): warning:  #177-D: variable "Usart_RingBuff"  was declared but never referenced
  	RingBuff_t	Usart_RingBuff;
..\MagiSYNC\MagiSYNC.c(156): warning:  #177-D: variable "i"  was declared but never referenced
  	uint32_t 		tick,tick_step,i; 
..\MagiSYNC\MagiSYNC.c(157): warning:  #177-D: variable "Usart_Data"  was declared but never referenced
  	uint8_t			Usart_Data;
..\MagiSYNC\MagiSYNC.c(158): warning:  #177-D: variable "USART_Send_Buffer"  was declared but never referenced
  	uint8_t			USART_Send_Buffer[UsartSendBuff_Length],SendLength;
..\MagiSYNC\MagiSYNC.c(158): warning:  #177-D: variable "SendLength"  was declared but never referenced
  	uint8_t			USART_Send_Buffer[UsartSendBuff_Length],SendLength;
..\MagiSYNC\MagiSYNC.c(393): warning:  #177-D: function "List_Init"  was declared but never referenced
  ListStatus_t	List_Init(ListHandle_Def*	ListHandle)
..\MagiSYNC\MagiSYNC.c(406): warning:  #177-D: function "List_GetLength"  was declared but never referenced
  uint32_t	List_GetLength(ListHandle_Def*	ListHandle)
..\MagiSYNC\MagiSYNC.c(411): warning:  #177-D: function "List_GetCounter"  was declared but never referenced
  uint32_t	List_GetCounter(ListHandle_Def*	ListHandle)
..\MagiSYNC\MagiSYNC.c(416): warning:  #177-D: function "List_Add"  was declared but never referenced
  ListStatus_t	List_Add(ListHandle_Def*	ListHandle,void*	pData)//只写了插入尾部的逻辑
..\MagiSYNC\MagiSYNC.c(505): warning:  #177-D: function "List_Take"  was declared but never referenced
  ListStatus_t	List_Take(ListHandle_Def*	ListHandle,uint32_t	CounterNum,void*	pData)
..\MagiSYNC\MagiSYNC.c: 10 warnings, 0 errors
linking...
Program Size: Code=11660 RO-data=496 RW-data=148 ZI-data=20556  
FromELF: creating hex file...
"MagiSYNC_DW_GUI_Demo\MagiSYNC_DW_GUI_Demo.axf" - 0 Error(s), 10 Warning(s).

<h2>Software Packages used:</h2>

Package Vendor: ARM
                http://www.keil.com/pack/ARM.CMSIS.5.9.0.pack
                ARM.CMSIS.5.9.0
                CMSIS (Common Microcontroller Software Interface Standard)
   * Component: CORE Version: 5.6.0

Package Vendor: Keil
                https://www.keil.com/pack/Keil.STM32F4xx_DFP.2.17.1.pack
                Keil.STM32F4xx_DFP.2.17.1
                STMicroelectronics STM32F4 Series Device Support, Drivers and Examples

<h2>Collection of Component include folders:</h2>
  ./RTE/_MagiSYNC_DW_GUI_Demo
  D:/Program Files/Arm/Packs/ARM/CMSIS/5.9.0/CMSIS/Core/Include
  D:/Program Files/Arm/Packs/Keil/STM32F4xx_DFP/2.17.1/Drivers/CMSIS/Device/ST/STM32F4xx/Include

<h2>Collection of Component Files used:</h2>

   * Component: ARM::CMSIS:CORE:5.6.0
      Include file:  CMSIS/Core/Include/tz_context.h
Build Time Elapsed:  00:00:04
</pre>
</body>
</html>
